#
# There is insufficient memory for the Java Runtime Environment to continue.
# Native memory allocation (malloc) failed to allocate 685136 bytes. Error detail: Chunk::new
# Possible reasons:
#   The system is out of physical RAM or swap space
#   This process is running with CompressedOops enabled, and the Java Heap may be blocking the growth of the native heap
# Possible solutions:
#   Reduce memory load on the system
#   Increase physical memory or swap space
#   Check if swap backing store is full
#   Decrease Java heap size (-Xmx/-Xms)
#   Decrease number of Java threads
#   Decrease Java thread stack sizes (-Xss)
#   Set larger code cache with -XX:ReservedCodeCacheSize=
#   JVM is running with Unscaled Compressed Oops mode in which the Java heap is
#     placed in the first 4GB address space. The Java Heap base address is the
#     maximum limit for the native heap growth. Please use -XX:HeapBaseMinAddress
#     to set the Java Heap base and to place the Java Heap above 4GB virtual address.
# This output file may be truncated or incomplete.
#
#  Out of Memory Error (arena.cpp:168), pid=12532, tid=25072
#
# JRE version: OpenJDK Runtime Environment Temurin-21.0.10+7 (21.0.10+7) (build 21.0.10+7-LTS)
# Java VM: OpenJDK 64-Bit Server VM Temurin-21.0.10+7 (21.0.10+7-LTS, mixed mode, sharing, tiered, compressed oops, compressed class ptrs, parallel gc, windows-amd64)
# No core dump will be written. Minidumps are not enabled by default on client versions of Windows
#

---------------  S U M M A R Y ------------

Command Line: --add-modules=ALL-SYSTEM --add-opens=java.base/java.util=ALL-UNNAMED --add-opens=java.base/java.lang=ALL-UNNAMED --add-opens=java.base/sun.nio.fs=ALL-UNNAMED -Declipse.application=org.eclipse.jdt.ls.core.id1 -Dosgi.bundles.defaultStartLevel=4 -Declipse.product=org.eclipse.jdt.ls.core.product -Djava.import.generatesMetadataFilesAtProjectRoot=false -DDetectVMInstallationsJob.disabled=true -Dfile.encoding=utf8 -XX:+UseParallelGC -XX:GCTimeRatio=4 -XX:AdaptiveSizePolicyWeight=90 -Dsun.zip.disableMemoryMapping=true -Xmx2G -Xms100m -Xlog:disable -javaagent:c:\Users\siris\.antigravity\extensions\redhat.java-1.54.0-win32-x64\lombok\lombok-1.18.39-4050.jar -XX:+HeapDumpOnOutOfMemoryError -XX:HeapDumpPath=c:\Users\siris\AppData\Roaming\Antigravity\User\workspaceStorage\a58823f77b810ebdf60f67ca63b27afb\redhat.java -Daether.dependencyCollector.impl=bf c:\Users\siris\.antigravity\extensions\redhat.java-1.54.0-win32-x64\server\plugins\org.eclipse.equinox.launcher_1.7.100.v20251111-0406.jar -configuration c:\Users\siris\AppData\Roaming\Antigravity\User\globalStorage\redhat.java\1.54.0\config_win -data c:\Users\siris\AppData\Roaming\Antigravity\User\workspaceStorage\a58823f77b810ebdf60f67ca63b27afb\redhat.java\jdt_ws --pipe=\\.\pipe\lsp-dc4e54ba4bb87bde10843c90a539decd-sock

Host: AMD Ryzen 3 7320U with Radeon Graphics         , 8 cores, 5G,  Windows 11 , 64 bit Build 26100 (10.0.26100.8246)
Time: Sun May 10 17:39:13 2026 India Standard Time elapsed time: 28.123367 seconds (0d 0h 0m 28s)

---------------  T H R E A D  ---------------

Current thread (0x00000196fec28080):  JavaThread "C2 CompilerThread1" daemon [_thread_in_native, id=25072, stack(0x000000205b300000,0x000000205b400000) (1024K)]


Current CompileTask:
C2:28123 1829 %     4       org.eclipse.osgi.util.ManifestElement::readLine @ 0 (122 bytes)

Stack: [0x000000205b300000,0x000000205b400000]
Native frames: (J=compiled Java code, j=interpreted, Vv=VM code, C=native code)
V  [jvm.dll+0x6d7a39]
V  [jvm.dll+0x8b4b26]
V  [jvm.dll+0x8b70de]
V  [jvm.dll+0x8b77c3]
V  [jvm.dll+0x284346]
V  [jvm.dll+0xc66ed]
V  [jvm.dll+0xc6c31]
V  [jvm.dll+0x3bec01]
V  [jvm.dll+0x38b162]
V  [jvm.dll+0x38a5aa]
V  [jvm.dll+0x24c560]
V  [jvm.dll+0x24bb40]
V  [jvm.dll+0x1cb34e]
V  [jvm.dll+0x25b85d]
V  [jvm.dll+0x259dea]
V  [jvm.dll+0x3f857e]
V  [jvm.dll+0x85f59d]
V  [jvm.dll+0x6d626d]
C  [ucrtbase.dll+0x37b0]
C  [KERNEL32.DLL+0x2e8d7]
C  [ntdll.dll+0x8c3fc]


---------------  P R O C E S S  ---------------

Threads class SMR info:
_java_thread_list=0x00000196fed3bd50, length=15, elements={
0x00000196e5d9a480, 0x00000196e5e4dab0, 0x00000196e5d11fd0, 0x00000196e5d14800,
0x00000196e5d19440, 0x00000196e5d1a770, 0x00000196e5d1b1d0, 0x00000196e5d285e0,
0x00000196e5d2a850, 0x00000196fe16b0e0, 0x00000196fe2c5550, 0x00000196fec1cd10,
0x00000196fe6ede70, 0x00000196fe6ecac0, 0x00000196fec28080
}

Java Threads: ( => current thread )
  0x00000196e5d9a480 JavaThread "main"                              [_thread_in_native, id=8072, stack(0x0000002059b00000,0x0000002059c00000) (1024K)]
  0x00000196e5e4dab0 JavaThread "Reference Handler"          daemon [_thread_blocked, id=28700, stack(0x0000002059f00000,0x000000205a000000) (1024K)]
  0x00000196e5d11fd0 JavaThread "Finalizer"                  daemon [_thread_blocked, id=3008, stack(0x000000205a000000,0x000000205a100000) (1024K)]
  0x00000196e5d14800 JavaThread "Signal Dispatcher"          daemon [_thread_blocked, id=12772, stack(0x000000205a100000,0x000000205a200000) (1024K)]
  0x00000196e5d19440 JavaThread "Attach Listener"            daemon [_thread_blocked, id=32580, stack(0x000000205a200000,0x000000205a300000) (1024K)]
  0x00000196e5d1a770 JavaThread "Service Thread"             daemon [_thread_blocked, id=25840, stack(0x000000205a300000,0x000000205a400000) (1024K)]
  0x00000196e5d1b1d0 JavaThread "Monitor Deflation Thread"   daemon [_thread_blocked, id=11924, stack(0x000000205a400000,0x000000205a500000) (1024K)]
  0x00000196e5d285e0 JavaThread "C2 CompilerThread0"         daemon [_thread_blocked, id=16732, stack(0x000000205a500000,0x000000205a600000) (1024K)]
  0x00000196e5d2a850 JavaThread "C1 CompilerThread0"         daemon [_thread_blocked, id=29512, stack(0x000000205a600000,0x000000205a700000) (1024K)]
  0x00000196fe16b0e0 JavaThread "Common-Cleaner"             daemon [_thread_blocked, id=15396, stack(0x000000205a800000,0x000000205a900000) (1024K)]
  0x00000196fe2c5550 JavaThread "Notification Thread"        daemon [_thread_blocked, id=19248, stack(0x000000205a700000,0x000000205a800000) (1024K)]
  0x00000196fec1cd10 JavaThread "Active Thread: Equinox Container: 884fb160-ffc6-483c-a3e8-fc26a9e07b27"        [_thread_blocked, id=3432, stack(0x000000205a900000,0x000000205aa00000) (1024K)]
  0x00000196fe6ede70 JavaThread "Framework Event Dispatcher: Equinox Container: 884fb160-ffc6-483c-a3e8-fc26a9e07b27" daemon [_thread_blocked, id=20356, stack(0x000000205b000000,0x000000205b100000) (1024K)]
  0x00000196fe6ecac0 JavaThread "Start Level: Equinox Container: 884fb160-ffc6-483c-a3e8-fc26a9e07b27" daemon [_thread_blocked, id=17596, stack(0x000000205b100000,0x000000205b200000) (1024K)]
=>0x00000196fec28080 JavaThread "C2 CompilerThread1"         daemon [_thread_in_native, id=25072, stack(0x000000205b300000,0x000000205b400000) (1024K)]
Total: 15

Other Threads:
  0x00000196e5e3d830 VMThread "VM Thread"                           [id=17656, stack(0x0000002059e00000,0x0000002059f00000) (1024K)]
  0x00000196e5c1ca00 WatcherThread "VM Periodic Task Thread"        [id=17740, stack(0x0000002059d00000,0x0000002059e00000) (1024K)]
  0x00000196e5db92b0 WorkerThread "GC Thread#0"                     [id=17608, stack(0x0000002059c00000,0x0000002059d00000) (1024K)]
  0x00000196febb9b90 WorkerThread "GC Thread#1"                     [id=3388, stack(0x000000205aa00000,0x000000205ab00000) (1024K)]
  0x00000196fe9d3f70 WorkerThread "GC Thread#2"                     [id=14816, stack(0x000000205ab00000,0x000000205ac00000) (1024K)]
  0x00000196fe619db0 WorkerThread "GC Thread#3"                     [id=12800, stack(0x000000205ac00000,0x000000205ad00000) (1024K)]
  0x00000196fe61a160 WorkerThread "GC Thread#4"                     [id=32692, stack(0x000000205ad00000,0x000000205ae00000) (1024K)]
  0x00000196fe61a510 WorkerThread "GC Thread#5"                     [id=30400, stack(0x000000205ae00000,0x000000205af00000) (1024K)]
  0x00000196fe61a8c0 WorkerThread "GC Thread#6"                     [id=10804, stack(0x000000205af00000,0x000000205b000000) (1024K)]
  0x00000196fe33e350 WorkerThread "GC Thread#7"                     [id=26628, stack(0x000000205b200000,0x000000205b300000) (1024K)]
Total: 10

Threads with active compile tasks:
C2 CompilerThread1  28177 1829 %     4       org.eclipse.osgi.util.ManifestElement::readLine @ 0 (122 bytes)
Total: 1

VM state: not at safepoint (normal execution)

VM Mutex/Monitor currently owned by a thread: None

Heap address: 0x0000000080000000, size: 2048 MB, Compressed Oops mode: 32-bit

CDS archive(s) mapped at: [0x0000019680000000-0x0000019680ba0000-0x0000019680ba0000), size 12189696, SharedBaseAddress: 0x0000019680000000, ArchiveRelocationMode: 1.
Compressed class space mapped at: 0x0000019681000000-0x00000196c1000000, reserved size: 1073741824
Narrow klass base: 0x0000019680000000, Narrow klass shift: 0, Narrow klass range: 0x100000000

GC Precious Log:
 CardTable entry size: 512
 CPUs: 8 total, 8 available
 Memory: 5965M
 Large Page Support: Disabled
 NUMA Support: Disabled
 Compressed Oops: Enabled (32-bit)
 Alignments: Space 512K, Generation 512K, Heap 2M
 Heap Min Capacity: 100M
 Heap Initial Capacity: 100M
 Heap Max Capacity: 2G
 Pre-touch: Disabled
 Parallel Workers: 8

Heap:
 PSYoungGen      total 29696K, used 11945K [0x00000000d5580000, 0x00000000d7680000, 0x0000000100000000)
  eden space 25600K, 30% used [0x00000000d5580000,0x00000000d5d2eb18,0x00000000d6e80000)
  from space 4096K, 99% used [0x00000000d7280000,0x00000000d767ba30,0x00000000d7680000)
  to   space 4096K, 0% used [0x00000000d6e80000,0x00000000d6e80000,0x00000000d7280000)
 ParOldGen       total 68608K, used 80K [0x0000000080000000, 0x0000000084300000, 0x00000000d5580000)
  object space 68608K, 0% used [0x0000000080000000,0x0000000080014000,0x0000000084300000)
 Metaspace       used 8490K, committed 8768K, reserved 1114112K
  class space    used 890K, committed 1024K, reserved 1048576K

Card table byte_map: [0x00000196e5730000,0x00000196e5b40000] _byte_map_base: 0x00000196e5330000

Marking Bits: (ParMarkBitMap*) 0x00007ff9a44c3450
 Begin Bits: [0x00000196f8240000, 0x00000196fa240000)
 End Bits:   [0x00000196fa240000, 0x00000196fc240000)

Polling page: 0x00000196e3c20000

Metaspace:

Usage:
  Non-class:      7.42 MB used.
      Class:    890.05 KB used.
       Both:      8.29 MB used.

Virtual space:
  Non-class space:       64.00 MB reserved,       7.56 MB ( 12%) committed,  1 nodes.
      Class space:        1.00 GB reserved,       1.00 MB ( <1%) committed,  1 nodes.
             Both:        1.06 GB reserved,       8.56 MB ( <1%) committed. 

Chunk freelists:
   Non-Class:  8.00 MB
       Class:  14.88 MB
        Both:  22.88 MB

MaxMetaspaceSize: unlimited
CompressedClassSpaceSize: 1.00 GB
Initial GC threshold: 21.00 MB
Current GC threshold: 21.00 MB
CDS: on
 - commit_granule_bytes: 65536.
 - commit_granule_words: 8192.
 - virtual_space_node_default_size: 8388608.
 - enlarge_chunks_in_place: 1.
 - use_allocation_guard: 0.


Internal statistics:

num_allocs_failed_limit: 0.
num_arena_births: 224.
num_arena_deaths: 0.
num_vsnodes_births: 2.
num_vsnodes_deaths: 0.
num_space_committed: 137.
num_space_uncommitted: 0.
num_chunks_returned_to_freelist: 0.
num_chunks_taken_from_freelist: 426.
num_chunk_merges: 0.
num_chunk_splits: 278.
num_chunks_enlarged: 188.
num_inconsistent_stats: 0.

CodeHeap 'non-profiled nmethods': size=120000Kb used=777Kb max_used=777Kb free=119222Kb
 bounds [0x00000196f0a60000, 0x00000196f0cd0000, 0x00000196f7f90000]
CodeHeap 'profiled nmethods': size=120000Kb used=3588Kb max_used=3588Kb free=116411Kb
 bounds [0x00000196e8f90000, 0x00000196e9320000, 0x00000196f04c0000]
CodeHeap 'non-nmethods': size=5760Kb used=1211Kb max_used=1237Kb free=4548Kb
 bounds [0x00000196f04c0000, 0x00000196f0730000, 0x00000196f0a60000]
CodeCache: size=245760Kb, used=5576Kb, max_used=5602Kb, free=240181Kb
 total_blobs=2359, nmethods=1882, adapters=384, full_count=0
Compilation: enabled, stopped_count=0, restarted_count=0

Compilation events (20 events):
Event: 26.085 Thread 0x00000196e5d285e0 nmethod 1856 0x00000196f0b20110 code [0x00000196f0b202a0, 0x00000196f0b20328]
Event: 26.086 Thread 0x00000196e5d285e0 1863       4       java.lang.AbstractStringBuilder::putStringAt (19 bytes)
Event: 26.088 Thread 0x00000196e5d2a850 1864       3       jdk.internal.misc.Unsafe::weakCompareAndSetInt (11 bytes)
Event: 26.088 Thread 0x00000196e5d2a850 nmethod 1864 0x00000196e930a110 code [0x00000196e930a2a0, 0x00000196e930a3c8]
Event: 26.088 Thread 0x00000196e5d285e0 nmethod 1863 0x00000196f0b20410 code [0x00000196f0b205a0, 0x00000196f0b20768]
Event: 26.089 Thread 0x00000196e5d2a850 1865       3       java.nio.Buffer::limit (65 bytes)
Event: 26.090 Thread 0x00000196e5d2a850 nmethod 1865 0x00000196e930a490 code [0x00000196e930a640, 0x00000196e930a8d0]
Event: 26.090 Thread 0x00000196e5d285e0 1866       4       java.util.StringTokenizer::skipDelimiters (116 bytes)
Event: 26.097 Thread 0x00000196e5d285e0 nmethod 1866 0x00000196f0b20910 code [0x00000196f0b20ae0, 0x00000196f0b20ed8]
Event: 26.098 Thread 0x00000196e5d285e0 1867       4       java.util.concurrent.locks.AbstractQueuedSynchronizer::signalNext (34 bytes)
Event: 26.099 Thread 0x00000196e5d285e0 nmethod 1867 0x00000196f0b21210 code [0x00000196f0b213a0, 0x00000196f0b21480]
Event: 26.100 Thread 0x00000196e5d2a850 1868   !   3       org.eclipse.osgi.storage.bundlefile.CloseableBundleFile::internalOpen (118 bytes)
Event: 26.102 Thread 0x00000196e5d2a850 nmethod 1868 0x00000196e930a990 code [0x00000196e930ad80, 0x00000196e930c698]
Event: 26.102 Thread 0x00000196e5d2a850 1871       3       java.util.HashSet::add (20 bytes)
Event: 26.103 Thread 0x00000196e5d2a850 nmethod 1871 0x00000196e930d010 code [0x00000196e930d1c0, 0x00000196e930d3f0]
Event: 26.103 Thread 0x00000196e5d2a850 1869       3       org.eclipse.osgi.storage.bundlefile.MRUBundleFileList::incUseStamp (57 bytes)
Event: 26.103 Thread 0x00000196e5d2a850 nmethod 1869 0x00000196e930d510 code [0x00000196e930d6c0, 0x00000196e930d948]
Event: 26.103 Thread 0x00000196e5d2a850 1870       1       org.eclipse.osgi.container.ModuleRevisionBuilder::getSymbolicName (5 bytes)
Event: 26.103 Thread 0x00000196e5d2a850 nmethod 1870 0x00000196f0b21590 code [0x00000196f0b21720, 0x00000196f0b217e8]
Event: 26.104 Thread 0x00000196e5d285e0 1872       4       java.io.BufferedReader::readLine (7 bytes)

GC Heap History (4 events):
Event: 3.924 GC heap before
{Heap before GC invocations=1 (full 0):
 PSYoungGen      total 29696K, used 25600K [0x00000000d5580000, 0x00000000d7680000, 0x0000000100000000)
  eden space 25600K, 100% used [0x00000000d5580000,0x00000000d6e80000,0x00000000d6e80000)
  from space 4096K, 0% used [0x00000000d7280000,0x00000000d7280000,0x00000000d7680000)
  to   space 4096K, 0% used [0x00000000d6e80000,0x00000000d6e80000,0x00000000d7280000)
 ParOldGen       total 68608K, used 0K [0x0000000080000000, 0x0000000084300000, 0x00000000d5580000)
  object space 68608K, 0% used [0x0000000080000000,0x0000000080000000,0x0000000084300000)
 Metaspace       used 4515K, committed 4736K, reserved 1114112K
  class space    used 492K, committed 576K, reserved 1048576K
}
Event: 3.937 GC heap after
{Heap after GC invocations=1 (full 0):
 PSYoungGen      total 29696K, used 3303K [0x00000000d5580000, 0x00000000d7680000, 0x0000000100000000)
  eden space 25600K, 0% used [0x00000000d5580000,0x00000000d5580000,0x00000000d6e80000)
  from space 4096K, 80% used [0x00000000d6e80000,0x00000000d71b9e98,0x00000000d7280000)
  to   space 4096K, 0% used [0x00000000d7280000,0x00000000d7280000,0x00000000d7680000)
 ParOldGen       total 68608K, used 16K [0x0000000080000000, 0x0000000084300000, 0x00000000d5580000)
  object space 68608K, 0% used [0x0000000080000000,0x0000000080004000,0x0000000084300000)
 Metaspace       used 4515K, committed 4736K, reserved 1114112K
  class space    used 492K, committed 576K, reserved 1048576K
}
Event: 23.861 GC heap before
{Heap before GC invocations=2 (full 0):
 PSYoungGen      total 29696K, used 28903K [0x00000000d5580000, 0x00000000d7680000, 0x0000000100000000)
  eden space 25600K, 100% used [0x00000000d5580000,0x00000000d6e80000,0x00000000d6e80000)
  from space 4096K, 80% used [0x00000000d6e80000,0x00000000d71b9e98,0x00000000d7280000)
  to   space 4096K, 0% used [0x00000000d7280000,0x00000000d7280000,0x00000000d7680000)
 ParOldGen       total 68608K, used 16K [0x0000000080000000, 0x0000000084300000, 0x00000000d5580000)
  object space 68608K, 0% used [0x0000000080000000,0x0000000080004000,0x0000000084300000)
 Metaspace       used 8403K, committed 8704K, reserved 1114112K
  class space    used 889K, committed 1024K, reserved 1048576K
}
Event: 23.875 GC heap after
{Heap after GC invocations=2 (full 0):
 PSYoungGen      total 29696K, used 4078K [0x00000000d5580000, 0x00000000d7680000, 0x0000000100000000)
  eden space 25600K, 0% used [0x00000000d5580000,0x00000000d5580000,0x00000000d6e80000)
  from space 4096K, 99% used [0x00000000d7280000,0x00000000d767ba30,0x00000000d7680000)
  to   space 4096K, 0% used [0x00000000d6e80000,0x00000000d6e80000,0x00000000d7280000)
 ParOldGen       total 68608K, used 80K [0x0000000080000000, 0x0000000084300000, 0x00000000d5580000)
  object space 68608K, 0% used [0x0000000080000000,0x0000000080014000,0x0000000084300000)
 Metaspace       used 8403K, committed 8704K, reserved 1114112K
  class space    used 889K, committed 1024K, reserved 1048576K
}

Dll operation events (8 events):
Event: 0.418 Loaded shared library c:\Users\siris\.antigravity\extensions\redhat.java-1.54.0-win32-x64\jre\21.0.10-win32-x86_64\bin\java.dll
Event: 0.860 Loaded shared library c:\Users\siris\.antigravity\extensions\redhat.java-1.54.0-win32-x64\jre\21.0.10-win32-x86_64\bin\zip.dll
Event: 0.926 Loaded shared library C:\Users\siris\.antigravity\extensions\redhat.java-1.54.0-win32-x64\jre\21.0.10-win32-x86_64\bin\instrument.dll
Event: 1.166 Loaded shared library C:\Users\siris\.antigravity\extensions\redhat.java-1.54.0-win32-x64\jre\21.0.10-win32-x86_64\bin\net.dll
Event: 1.314 Loaded shared library C:\Users\siris\.antigravity\extensions\redhat.java-1.54.0-win32-x64\jre\21.0.10-win32-x86_64\bin\nio.dll
Event: 1.325 Loaded shared library C:\Users\siris\.antigravity\extensions\redhat.java-1.54.0-win32-x64\jre\21.0.10-win32-x86_64\bin\zip.dll
Event: 1.392 Loaded shared library C:\Users\siris\.antigravity\extensions\redhat.java-1.54.0-win32-x64\jre\21.0.10-win32-x86_64\bin\jimage.dll
Event: 1.793 Loaded shared library c:\Users\siris\.antigravity\extensions\redhat.java-1.54.0-win32-x64\jre\21.0.10-win32-x86_64\bin\verify.dll

Deoptimization events (20 events):
Event: 5.697 Thread 0x00000196e5d9a480 DEOPT PACKING pc=0x00000196f0a905b4 sp=0x0000002059bfe3b0
Event: 5.697 Thread 0x00000196e5d9a480 DEOPT UNPACKING pc=0x00000196f0513aa2 sp=0x0000002059bfe340 mode 2
Event: 7.782 Thread 0x00000196e5d9a480 DEOPT PACKING pc=0x00000196e9146243 sp=0x0000002059bfe620
Event: 7.782 Thread 0x00000196e5d9a480 DEOPT UNPACKING pc=0x00000196f0514242 sp=0x0000002059bfda98 mode 0
Event: 15.516 Thread 0x00000196fe6c2920 Uncommon trap: trap_request=0xffffff45 fr.pc=0x00000196f0ab02f8 relative=0x0000000000000198
Event: 15.516 Thread 0x00000196fe6c2920 Uncommon trap: reason=unstable_if action=reinterpret pc=0x00000196f0ab02f8 method=java.lang.invoke.VarHandle.checkAccessModeThenIsDirect(Ljava/lang/invoke/VarHandle$AccessDescriptor;)Z @ 4 c2
Event: 15.517 Thread 0x00000196fe6c2920 DEOPT PACKING pc=0x00000196f0ab02f8 sp=0x000000205b1ff2f0
Event: 15.517 Thread 0x00000196fe6c2920 DEOPT UNPACKING pc=0x00000196f0513aa2 sp=0x000000205b1ff248 mode 2
Event: 23.803 Thread 0x00000196e5d9a480 Uncommon trap: trap_request=0xffffff45 fr.pc=0x00000196f0ae27b4 relative=0x0000000000000094
Event: 23.803 Thread 0x00000196e5d9a480 Uncommon trap: reason=unstable_if action=reinterpret pc=0x00000196f0ae27b4 method=java.io.BufferedInputStream.getBufIfOpen(Z)[B @ 13 c2
Event: 23.803 Thread 0x00000196e5d9a480 DEOPT PACKING pc=0x00000196f0ae27b4 sp=0x0000002059bfe7c0
Event: 23.803 Thread 0x00000196e5d9a480 DEOPT UNPACKING pc=0x00000196f0513aa2 sp=0x0000002059bfe740 mode 2
Event: 23.814 Thread 0x00000196e5d9a480 Uncommon trap: trap_request=0xffffff45 fr.pc=0x00000196f0a948c4 relative=0x00000000000002a4
Event: 23.814 Thread 0x00000196e5d9a480 Uncommon trap: reason=unstable_if action=reinterpret pc=0x00000196f0a948c4 method=java.util.HashMap$HashIterator.<init>(Ljava/util/HashMap;)V @ 45 c2
Event: 23.814 Thread 0x00000196e5d9a480 DEOPT PACKING pc=0x00000196f0a948c4 sp=0x0000002059bfe8f0
Event: 23.814 Thread 0x00000196e5d9a480 DEOPT UNPACKING pc=0x00000196f0513aa2 sp=0x0000002059bfe888 mode 2
Event: 26.096 Thread 0x00000196e5d9a480 Uncommon trap: trap_request=0xffffff45 fr.pc=0x00000196f0b1c68c relative=0x000000000000088c
Event: 26.096 Thread 0x00000196e5d9a480 Uncommon trap: reason=unstable_if action=reinterpret pc=0x00000196f0b1c68c method=java.util.HashMap.putVal(ILjava/lang/Object;Ljava/lang/Object;ZZ)Ljava/lang/Object; @ 81 c2
Event: 26.096 Thread 0x00000196e5d9a480 DEOPT PACKING pc=0x00000196f0b1c68c sp=0x0000002059bfe880
Event: 26.096 Thread 0x00000196e5d9a480 DEOPT UNPACKING pc=0x00000196f0513aa2 sp=0x0000002059bfe718 mode 2

Classes loaded (20 events):
Event: 5.725 Loading class java/net/ContentHandler
Event: 5.725 Loading class java/net/ContentHandler done
Event: 5.729 Loading class java/net/UrlDeserializedState
Event: 5.729 Loading class java/net/UrlDeserializedState done
Event: 5.730 Loading class java/lang/reflect/InaccessibleObjectException
Event: 5.730 Loading class java/lang/reflect/InaccessibleObjectException done
Event: 5.735 Loading class java/lang/StackWalker$Option
Event: 5.736 Loading class java/lang/StackWalker$Option done
Event: 5.782 Loading class javax/xml/parsers/ParserConfigurationException
Event: 5.784 Loading class javax/xml/parsers/ParserConfigurationException done
Event: 5.812 Loading class java/security/KeyStoreException
Event: 5.813 Loading class java/security/KeyStoreException done
Event: 5.830 Loading class java/lang/Thread$Builder$OfPlatform
Event: 5.830 Loading class java/lang/Thread$Builder
Event: 5.830 Loading class java/lang/Thread$Builder done
Event: 5.830 Loading class java/lang/Thread$Builder$OfPlatform done
Event: 5.830 Loading class java/lang/Thread$Builder$OfVirtual
Event: 5.830 Loading class java/lang/Thread$Builder$OfVirtual done
Event: 23.838 Loading class java/util/MissingResourceException
Event: 23.838 Loading class java/util/MissingResourceException done

Classes unloaded (0 events):
No events

Classes redefined (0 events):
No events

Internal exceptions (20 events):
Event: 3.732 Thread 0x00000196e5d9a480 Exception <a 'java/lang/NoSuchMethodError'{0x00000000d6ab4048}: 'java.lang.ClassLoader java.lang.ClassLoader.getPlatformClassLoader(java.lang.Class)'> (0x00000000d6ab4048) 
thrown [s\src\hotspot\share\interpreter\linkResolver.cpp, line 773]
Event: 3.975 Thread 0x00000196e5d9a480 Exception <a 'java/lang/ClassNotFoundException'{0x00000000d55d28d0}: sun/net/www/protocol/c/Handler> (0x00000000d55d28d0) 
thrown [s\src\hotspot\share\classfile\systemDictionary.cpp, line 312]
Event: 3.976 Thread 0x00000196e5d9a480 Exception <a 'java/lang/ClassNotFoundException'{0x00000000d55d3c78}: sun/net/www/protocol/c/Handler> (0x00000000d55d3c78) 
thrown [s\src\hotspot\share\classfile\systemDictionary.cpp, line 312]
Event: 3.976 Thread 0x00000196e5d9a480 Exception <a 'java/lang/ClassNotFoundException'{0x00000000d55d4e68}: sun/net/www/protocol/c/Handler> (0x00000000d55d4e68) 
thrown [s\src\hotspot\share\classfile\systemDictionary.cpp, line 312]
Event: 4.001 Thread 0x00000196e5d9a480 Exception <a 'java/io/FileNotFoundException'{0x00000000d5607158}> (0x00000000d5607158) 
thrown [s\src\hotspot\share\prims\jni.cpp, line 520]
Event: 4.147 Thread 0x00000196e5d9a480 Implicit null exception at 0x00000196f0ac05a9 to 0x00000196f0ac0e20
Event: 4.153 Thread 0x00000196e5d9a480 Implicit null exception at 0x00000196f0acd71a to 0x00000196f0acd920
Event: 4.158 Thread 0x00000196e5d9a480 Exception <a 'java/lang/NoSuchMethodError'{0x00000000d57389d0}: 'void java.lang.invoke.DirectMethodHandle$Holder.invokeStatic(java.lang.Object, java.lang.Object, java.lang.Object, java.lang.Object)'> (0x00000000d57389d0) 
thrown [s\src\hotspot\share\interpreter\linkResolver.cpp, line 773]
Event: 4.163 Thread 0x00000196e5d9a480 Implicit null exception at 0x00000196f0ac569a to 0x00000196f0ac58a4
Event: 4.163 Thread 0x00000196e5d9a480 Implicit null exception at 0x00000196f0ac41bd to 0x00000196f0ac4241
Event: 4.651 Thread 0x00000196e5d9a480 Exception <a 'java/lang/NoSuchMethodError'{0x00000000d5b76b60}: 'int java.lang.invoke.DirectMethodHandle$Holder.invokeVirtual(java.lang.Object, java.lang.Object)'> (0x00000000d5b76b60) 
thrown [s\src\hotspot\share\interpreter\linkResolver.cpp, line 773]
Event: 5.534 Thread 0x00000196e5d9a480 Exception <a 'java/lang/IncompatibleClassChangeError'{0x00000000d6541680}: Found class java.lang.Object, but interface was expected> (0x00000000d6541680) 
thrown [s\src\hotspot\share\interpreter\linkResolver.cpp, line 840]
Event: 5.537 Thread 0x00000196e5d9a480 Exception <a 'java/lang/NoSuchMethodError'{0x00000000d654a120}: 'void java.lang.invoke.DirectMethodHandle$Holder.invokeInterface(java.lang.Object, java.lang.Object, java.lang.Object)'> (0x00000000d654a120) 
thrown [s\src\hotspot\share\interpreter\linkResolver.cpp, line 773]
Event: 5.588 Thread 0x00000196e5d9a480 Exception <a 'java/lang/NoSuchMethodError'{0x00000000d67bcbc0}: 'int java.lang.invoke.DirectMethodHandle$Holder.invokeStaticInit(java.lang.Object, java.lang.Object, java.lang.Object, java.lang.Object)'> (0x00000000d67bcbc0) 
thrown [s\src\hotspot\share\interpreter\linkResolver.cpp, line 773]
Event: 5.590 Thread 0x00000196e5d9a480 Exception <a 'java/lang/NoSuchMethodError'{0x00000000d67c7190}: 'void java.lang.invoke.DirectMethodHandle$Holder.invokeStaticInit(java.lang.Object, java.lang.Object)'> (0x00000000d67c7190) 
thrown [s\src\hotspot\share\interpreter\linkResolver.cpp, line 773]
Event: 5.592 Thread 0x00000196e5d9a480 Exception <a 'java/lang/NoSuchMethodError'{0x00000000d67cc5e0}: 'int java.lang.invoke.DirectMethodHandle$Holder.invokeStaticInit(java.lang.Object, java.lang.Object)'> (0x00000000d67cc5e0) 
thrown [s\src\hotspot\share\interpreter\linkResolver.cpp, line 773]
Event: 5.671 Thread 0x00000196e5d9a480 Exception <a 'java/lang/NoSuchMethodError'{0x00000000d69b63b8}: 'java.lang.Object java.lang.invoke.DirectMethodHandle$Holder.newInvokeSpecial(java.lang.Object, int, java.lang.Object)'> (0x00000000d69b63b8) 
thrown [s\src\hotspot\share\interpreter\linkResolver.cpp, line 773]
Event: 5.742 Thread 0x00000196e5d9a480 Exception <a 'java/lang/ClassNotFoundException'{0x00000000d6b33220}: sun/net/www/protocol/plurl/Handler> (0x00000000d6b33220) 
thrown [s\src\hotspot\share\classfile\systemDictionary.cpp, line 312]
Event: 5.742 Thread 0x00000196e5d9a480 Exception <a 'java/lang/ClassNotFoundException'{0x00000000d6b340a0}: sun/net/www/protocol/plurl/Handler> (0x00000000d6b340a0) 
thrown [s\src\hotspot\share\classfile\systemDictionary.cpp, line 312]
Event: 5.753 Thread 0x00000196e5d9a480 Exception <a 'java/lang/NoSuchMethodError'{0x00000000d6b74f78}: 'void java.lang.invoke.DirectMethodHandle$Holder.invokeSpecial(java.lang.Object, java.lang.Object, java.lang.Object)'> (0x00000000d6b74f78) 
thrown [s\src\hotspot\share\interpreter\linkResolver.cpp, line 773]

ZGC Phase Switch (0 events):
No events

VM Operations (20 events):
Event: 3.871 Executing safepoint VM operation: Cleanup
Event: 3.871 Executing safepoint VM operation: Cleanup done
Event: 3.924 Executing safepoint VM operation: ParallelGCFailedAllocation (Allocation Failure)
Event: 3.937 Executing safepoint VM operation: ParallelGCFailedAllocation (Allocation Failure) done
Event: 4.941 Executing safepoint VM operation: Cleanup
Event: 4.941 Executing safepoint VM operation: Cleanup done
Event: 5.626 Executing non-safepoint VM operation: HandshakeAllThreads (Deoptimize)
Event: 5.626 Executing non-safepoint VM operation: HandshakeAllThreads (Deoptimize) done
Event: 5.732 Executing non-safepoint VM operation: HandshakeAllThreads (Deoptimize)
Event: 5.732 Executing non-safepoint VM operation: HandshakeAllThreads (Deoptimize) done
Event: 6.744 Executing safepoint VM operation: Cleanup
Event: 6.744 Executing safepoint VM operation: Cleanup done
Event: 23.860 Executing safepoint VM operation: ParallelGCFailedAllocation (Allocation Failure)
Event: 23.875 Executing safepoint VM operation: ParallelGCFailedAllocation (Allocation Failure) done
Event: 24.889 Executing safepoint VM operation: Cleanup
Event: 24.889 Executing safepoint VM operation: Cleanup done
Event: 25.903 Executing safepoint VM operation: Cleanup
Event: 25.903 Executing safepoint VM operation: Cleanup done
Event: 26.906 Executing safepoint VM operation: Cleanup
Event: 26.906 Executing safepoint VM operation: Cleanup done

Memory protections (0 events):
No events

Nmethod flushes (0 events):
No events

Events (20 events):
Event: 3.862 Thread 0x00000196e5d2a850 Thread added: 0x00000196fe73b4e0
Event: 4.151 Thread 0x00000196fe73b4e0 Thread exited: 0x00000196fe73b4e0
Event: 4.764 Thread 0x00000196e5d2a850 Thread added: 0x00000196fe9e3910
Event: 5.505 Thread 0x00000196e5d9a480 Thread added: 0x00000196fe6c22b0
Event: 5.508 Thread 0x00000196fe6c22b0 Thread added: 0x00000196fe6c2920
Event: 5.517 Thread 0x00000196e5d9a480 Thread added: 0x00000196fe6c2f90
Event: 5.522 Thread 0x00000196e5d9a480 Thread added: 0x00000196fe8800e0
Event: 5.523 Thread 0x00000196e5d9a480 Thread added: 0x00000196fe880750
Event: 5.527 Thread 0x00000196e5d9a480 Thread added: 0x00000196fe8a26a0
Event: 5.575 Thread 0x00000196fe9e3910 Thread exited: 0x00000196fe9e3910
Event: 5.608 Thread 0x00000196e5d9a480 Thread added: 0x00000196fec1cd10
Event: 15.517 Thread 0x00000196fe6c2920 Thread exited: 0x00000196fe6c2920
Event: 15.517 Thread 0x00000196fe6c22b0 Thread exited: 0x00000196fe6c22b0
Event: 15.533 Thread 0x00000196fe8800e0 Thread exited: 0x00000196fe8800e0
Event: 15.533 Thread 0x00000196fe880750 Thread exited: 0x00000196fe880750
Event: 15.535 Thread 0x00000196fe6c2f90 Thread exited: 0x00000196fe6c2f90
Event: 15.535 Thread 0x00000196fe8a26a0 Thread exited: 0x00000196fe8a26a0
Event: 23.832 Thread 0x00000196e5d9a480 Thread added: 0x00000196fe6ede70
Event: 23.844 Thread 0x00000196e5d9a480 Thread added: 0x00000196fe6ecac0
Event: 24.018 Thread 0x00000196e5d285e0 Thread added: 0x00000196fec28080


Dynamic libraries:
0x00007ff7cc410000 - 0x00007ff7cc41e000 	c:\Users\siris\.antigravity\extensions\redhat.java-1.54.0-win32-x64\jre\21.0.10-win32-x86_64\bin\java.exe
0x00007ffaa7e00000 - 0x00007ffaa8067000 	C:\WINDOWS\SYSTEM32\ntdll.dll
0x00007ffaa6710000 - 0x00007ffaa67d9000 	C:\WINDOWS\System32\KERNEL32.DLL
0x00007ffaa4e30000 - 0x00007ffaa5224000 	C:\WINDOWS\System32\KERNELBASE.dll
0x00007ffaa4ce0000 - 0x00007ffaa4e2b000 	C:\WINDOWS\System32\ucrtbase.dll
0x00007ffa84210000 - 0x00007ffa84228000 	c:\Users\siris\.antigravity\extensions\redhat.java-1.54.0-win32-x64\jre\21.0.10-win32-x86_64\bin\jli.dll
0x00007ffaa7260000 - 0x00007ffaa7425000 	C:\WINDOWS\System32\USER32.dll
0x00007ffaa5b60000 - 0x00007ffaa5b87000 	C:\WINDOWS\System32\win32u.dll
0x00007ffa85060000 - 0x00007ffa8507e000 	c:\Users\siris\.antigravity\extensions\redhat.java-1.54.0-win32-x64\jre\21.0.10-win32-x86_64\bin\VCRUNTIME140.dll
0x00007ffaa65d0000 - 0x00007ffaa65fb000 	C:\WINDOWS\System32\GDI32.dll
0x00007ffa90410000 - 0x00007ffa906a3000 	C:\WINDOWS\WinSxS\amd64_microsoft.windows.common-controls_6595b64144ccf1df_6.0.26100.8115_none_3e075c82e3354f9c\COMCTL32.dll
0x00007ffaa46d0000 - 0x00007ffaa47fb000 	C:\WINDOWS\System32\gdi32full.dll
0x00007ffaa74f0000 - 0x00007ffaa7599000 	C:\WINDOWS\System32\msvcrt.dll
0x00007ffaa4c30000 - 0x00007ffaa4cd3000 	C:\WINDOWS\System32\msvcp_win.dll
0x00007ffaa7630000 - 0x00007ffaa7662000 	C:\WINDOWS\System32\IMM32.DLL
0x00007ffa98e80000 - 0x00007ffa98e8c000 	c:\Users\siris\.antigravity\extensions\redhat.java-1.54.0-win32-x64\jre\21.0.10-win32-x86_64\bin\vcruntime140_1.dll
0x00007ffa76830000 - 0x00007ffa768bd000 	c:\Users\siris\.antigravity\extensions\redhat.java-1.54.0-win32-x64\jre\21.0.10-win32-x86_64\bin\msvcp140.dll
0x00007ff9a3800000 - 0x00007ff9a45a1000 	c:\Users\siris\.antigravity\extensions\redhat.java-1.54.0-win32-x64\jre\21.0.10-win32-x86_64\bin\server\jvm.dll
0x00007ffaa7430000 - 0x00007ffaa74e6000 	C:\WINDOWS\System32\ADVAPI32.dll
0x00007ffaa6660000 - 0x00007ffaa6707000 	C:\WINDOWS\System32\sechost.dll
0x00007ffaa7670000 - 0x00007ffaa7788000 	C:\WINDOWS\System32\RPCRT4.dll
0x00007ffaa6370000 - 0x00007ffaa63f0000 	C:\WINDOWS\System32\WS2_32.dll
0x00007ffaa4530000 - 0x00007ffaa458e000 	C:\WINDOWS\SYSTEM32\POWRPROF.dll
0x00007ffa96a50000 - 0x00007ffa96a5b000 	C:\WINDOWS\SYSTEM32\VERSION.dll
0x00007ffa9b820000 - 0x00007ffa9b856000 	C:\WINDOWS\SYSTEM32\WINMM.dll
0x00007ffaa4510000 - 0x00007ffaa4524000 	C:\WINDOWS\SYSTEM32\UMPDC.dll
0x00007ffaa3460000 - 0x00007ffaa347b000 	C:\WINDOWS\SYSTEM32\kernel.appcore.dll
0x00007ffa851f0000 - 0x00007ffa851fa000 	c:\Users\siris\.antigravity\extensions\redhat.java-1.54.0-win32-x64\jre\21.0.10-win32-x86_64\bin\jimage.dll
0x00007ffaa1db0000 - 0x00007ffaa1ff2000 	C:\WINDOWS\SYSTEM32\DBGHELP.DLL
0x00007ffaa69c0000 - 0x00007ffaa6d42000 	C:\WINDOWS\System32\combase.dll
0x00007ffaa6860000 - 0x00007ffaa6938000 	C:\WINDOWS\System32\OLEAUT32.dll
0x00007ffa7dc10000 - 0x00007ffa7dc4b000 	C:\WINDOWS\SYSTEM32\dbgcore.DLL
0x00007ffaa4b80000 - 0x00007ffaa4c25000 	C:\WINDOWS\System32\bcryptPrimitives.dll
0x00007ffa85050000 - 0x00007ffa8505f000 	c:\Users\siris\.antigravity\extensions\redhat.java-1.54.0-win32-x64\jre\21.0.10-win32-x86_64\bin\instrument.dll
0x00007ffa82bc0000 - 0x00007ffa82be0000 	c:\Users\siris\.antigravity\extensions\redhat.java-1.54.0-win32-x64\jre\21.0.10-win32-x86_64\bin\java.dll
0x00007ffaa5b90000 - 0x00007ffaa62f7000 	C:\WINDOWS\System32\SHELL32.dll
0x00007ffaa4980000 - 0x00007ffaa4aea000 	C:\WINDOWS\System32\wintypes.dll
0x00007ffaa5230000 - 0x00007ffaa5a98000 	C:\WINDOWS\System32\windows.storage.dll
0x00007ffaa6410000 - 0x00007ffaa6508000 	C:\WINDOWS\System32\SHCORE.dll
0x00007ffaa6940000 - 0x00007ffaa69a6000 	C:\WINDOWS\System32\shlwapi.dll
0x00007ffaa45f0000 - 0x00007ffaa4619000 	C:\WINDOWS\SYSTEM32\profapi.dll
0x00007ffa7b3f0000 - 0x00007ffa7b408000 	c:\Users\siris\.antigravity\extensions\redhat.java-1.54.0-win32-x64\jre\21.0.10-win32-x86_64\bin\zip.dll
0x00007ffa84070000 - 0x00007ffa84080000 	C:\Users\siris\.antigravity\extensions\redhat.java-1.54.0-win32-x64\jre\21.0.10-win32-x86_64\bin\net.dll
0x00007ffa9a7e0000 - 0x00007ffa9a90d000 	C:\WINDOWS\SYSTEM32\WINHTTP.dll
0x00007ffaa39d0000 - 0x00007ffaa3a3c000 	C:\WINDOWS\system32\mswsock.dll
0x00007ffa79030000 - 0x00007ffa79046000 	C:\Users\siris\.antigravity\extensions\redhat.java-1.54.0-win32-x64\jre\21.0.10-win32-x86_64\bin\nio.dll
0x00007ffa84010000 - 0x00007ffa84020000 	c:\Users\siris\.antigravity\extensions\redhat.java-1.54.0-win32-x64\jre\21.0.10-win32-x86_64\bin\verify.dll

JVMTI agents:
c:\Users\siris\.antigravity\extensions\redhat.java-1.54.0-win32-x64\lombok\lombok-1.18.39-4050.jar path:c:\Users\siris\.antigravity\extensions\redhat.java-1.54.0-win32-x64\jre\21.0.10-win32-x86_64\bin\instrument.dll, loaded, initialized, instrumentlib options:none

dbghelp: loaded successfully - version: 4.0.5 - missing functions: none
symbol engine: initialized successfully - sym options: 0x614 - pdb path: .;c:\Users\siris\.antigravity\extensions\redhat.java-1.54.0-win32-x64\jre\21.0.10-win32-x86_64\bin;C:\WINDOWS\SYSTEM32;C:\WINDOWS\WinSxS\amd64_microsoft.windows.common-controls_6595b64144ccf1df_6.0.26100.8115_none_3e075c82e3354f9c;c:\Users\siris\.antigravity\extensions\redhat.java-1.54.0-win32-x64\jre\21.0.10-win32-x86_64\bin\server

VM Arguments:
jvm_args: --add-modules=ALL-SYSTEM --add-opens=java.base/java.util=ALL-UNNAMED --add-opens=java.base/java.lang=ALL-UNNAMED --add-opens=java.base/sun.nio.fs=ALL-UNNAMED -Declipse.application=org.eclipse.jdt.ls.core.id1 -Dosgi.bundles.defaultStartLevel=4 -Declipse.product=org.eclipse.jdt.ls.core.product -Djava.import.generatesMetadataFilesAtProjectRoot=false -DDetectVMInstallationsJob.disabled=true -Dfile.encoding=utf8 -XX:+UseParallelGC -XX:GCTimeRatio=4 -XX:AdaptiveSizePolicyWeight=90 -Dsun.zip.disableMemoryMapping=true -Xmx2G -Xms100m -Xlog:disable -javaagent:c:\Users\siris\.antigravity\extensions\redhat.java-1.54.0-win32-x64\lombok\lombok-1.18.39-4050.jar -XX:+HeapDumpOnOutOfMemoryError -XX:HeapDumpPath=c:\Users\siris\AppData\Roaming\Antigravity\User\workspaceStorage\a58823f77b810ebdf60f67ca63b27afb\redhat.java -Daether.dependencyCollector.impl=bf 
java_command: c:\Users\siris\.antigravity\extensions\redhat.java-1.54.0-win32-x64\server\plugins\org.eclipse.equinox.launcher_1.7.100.v20251111-0406.jar -configuration c:\Users\siris\AppData\Roaming\Antigravity\User\globalStorage\redhat.java\1.54.0\config_win -data c:\Users\siris\AppData\Roaming\Antigravity\User\workspaceStorage\a58823f77b810ebdf60f67ca63b27afb\redhat.java\jdt_ws --pipe=\\.\pipe\lsp-dc4e54ba4bb87bde10843c90a539decd-sock
java_class_path (initial): c:\Users\siris\.antigravity\extensions\redhat.java-1.54.0-win32-x64\server\plugins\org.eclipse.equinox.launcher_1.7.100.v20251111-0406.jar
Launcher Type: SUN_STANDARD

[Global flags]
    uintx AdaptiveSizePolicyWeight                 = 90                                        {product} {command line}
     intx CICompilerCount                          = 4                                         {product} {ergonomic}
    uintx GCTimeRatio                              = 4                                         {product} {command line}
     bool HeapDumpOnOutOfMemoryError               = true                                   {manageable} {command line}
    ccstr HeapDumpPath                             = c:\Users\siris\AppData\Roaming\Antigravity\User\workspaceStorage\a58823f77b810ebdf60f67ca63b27afb\redhat.java         {manageable} {command line}
   size_t InitialHeapSize                          = 104857600                                 {product} {command line}
   size_t MaxHeapSize                              = 2147483648                                {product} {command line}
   size_t MaxNewSize                               = 715653120                                 {product} {ergonomic}
   size_t MinHeapDeltaBytes                        = 524288                                    {product} {ergonomic}
   size_t MinHeapSize                              = 104857600                                 {product} {command line}
   size_t NewSize                                  = 34603008                                  {product} {ergonomic}
    uintx NonNMethodCodeHeapSize                   = 5839372                                {pd product} {ergonomic}
    uintx NonProfiledCodeHeapSize                  = 122909434                              {pd product} {ergonomic}
   size_t OldSize                                  = 70254592                                  {product} {ergonomic}
    uintx ProfiledCodeHeapSize                     = 122909434                              {pd product} {ergonomic}
    uintx ReservedCodeCacheSize                    = 251658240                              {pd product} {ergonomic}
     bool SegmentedCodeCache                       = true                                      {product} {ergonomic}
   size_t SoftMaxHeapSize                          = 2147483648                             {manageable} {ergonomic}
     bool UseCompressedOops                        = true                           {product lp64_product} {ergonomic}
     bool UseLargePagesIndividualAllocation        = false                                  {pd product} {ergonomic}
     bool UseParallelGC                            = true                                      {product} {command line}

Logging:
Log output configuration:
 #0: stdout all=off uptime,level,tags foldmultilines=false
 #1: stderr all=off uptime,level,tags foldmultilines=false

Release file:
JAVA_VERSION="21.0.10" 
MODULES="java.base java.compiler java.datatransfer java.xml java.prefs java.desktop java.instrument java.logging java.management java.security.sasl java.naming java.rmi java.management.rmi java.net.http java.scripting java.security.jgss java.transaction.xa java.sql java.sql.rowset java.xml.crypto java.se java.smartcardio jdk.accessibility jdk.internal.jvmstat jdk.attach jdk.charsets jdk.internal.opt jdk.zipfs jdk.compiler jdk.crypto.ec jdk.crypto.cryptoki jdk.crypto.mscapi jdk.dynalink jdk.internal.ed jdk.editpad jdk.hotspot.agent jdk.httpserver jdk.internal.le jdk.internal.vm.ci jdk.internal.vm.compiler jdk.internal.vm.compiler.management jdk.jartool jdk.javadoc jdk.jcmd jdk.management jdk.management.agent jdk.jconsole jdk.jdeps jdk.jdwp.agent jdk.jdi jdk.jfr jdk.jshell jdk.jsobject jdk.jstatd jdk.localedata jdk.management.jfr jdk.naming.dns jdk.naming.rmi jdk.net jdk.nio.mapmode jdk.random jdk.sctp jdk.security.auth jdk.security.jgss jdk.unsupported jdk.unsupported.desktop jdk.xml.dom" 

Environment Variables:
PATH=C:\Program Files\Common Files\Oracle\Java\javapath;C:\WINDOWS\system32;C:\WINDOWS;C:\WINDOWS\System32\Wbem;C:\WINDOWS\System32\WindowsPowerShell\v1.0\;C:\WINDOWS\System32\OpenSSH\;C:\Program Files\Java\jdk-19\bin;C:\Program Files\dotnet\;C:\Program Files (x86)\Windows Kits\10\Windows Performance Toolkit\;C:\Program Files\Microsoft SQL Server\170\Tools\Binn\;C:\Program Files\Microsoft SQL Server\Client SDK\ODBC\170\Tools\Binn\;C:\Program Files\nodejs\;C:\Program Files\PuTTY\;C:\Users\siris\AppData\Local\Programs\Python\Python311\Scripts\;C:\Users\siris\AppData\Local\Programs\Python\Python311\;C:\Users\siris\AppData\Local\Microsoft\WindowsApps;C:\Users\siris\AppData\Local\Programs\Microsoft VS Code\bin;C:\Users\siris\.dotnet\tools;C:\Users\siris\AppData\Local\Python\bin;C:\Users\siris\AppData\Roaming\npm;C:\Users\siris\AppData\Local\Programs\Antigravity\bin
USERNAME=siris
OS=Windows_NT
PROCESSOR_IDENTIFIER=AMD64 Family 23 Model 160 Stepping 0, AuthenticAMD
TMP=C:\Users\siris\AppData\Local\Temp
TEMP=C:\Users\siris\AppData\Local\Temp




Periodic native trim disabled

---------------  S Y S T E M  ---------------

OS:
 Windows 11 , 64 bit Build 26100 (10.0.26100.8246)
OS uptime: 2 days 23:09 hours
Hyper-V role detected

CPU: total 8 (initial active 8) (8 cores per cpu, 2 threads per core) family 23 model 160 stepping 0 microcode 0x8a0000a, cx8, cmov, fxsr, ht, mmx, 3dnowpref, sse, sse2, sse3, ssse3, sse4a, sse4.1, sse4.2, popcnt, lzcnt, tsc, tscinvbit, avx, avx2, aes, clmul, bmi1, bmi2, adx, sha, fma, vzeroupper, clflush, clflushopt, hv, rdtscp, rdpid, f16c
Processor Information for the first 8 processors :
  Max Mhz: 2401, Current Mhz: 2401, Mhz Limit: 2401

Memory: 4k page, system-wide physical 5965M (516M free)
TotalPageFile size 24397M (AvailPageFile size 81M)
current process WorkingSet (physical memory assigned to process): 59M, peak: 90M
current process commit charge ("private bytes"): 241M, peak: 242M

vm_info: OpenJDK 64-Bit Server VM (21.0.10+7-LTS) for windows-amd64 JRE (21.0.10+7-LTS), built on 2026-01-20T00:00:00Z by "admin" with MS VC++ 17.12 (VS2022)

END.
